C:\dev\projets\docker\dev\jeny_project\jeny\src\binance-data-provider\src\main\java\com\iracanyes\fintech\jeny\binance\data\provider\helper\VaultService.java
C:\dev\projets\docker\dev\jeny_project\jeny\src\binance-data-provider\src\main\java\com\iracanyes\fintech\jeny\binance\data\provider\utils\BinanceJsonKeys.java
C:\dev\projets\docker\dev\jeny_project\jeny\src\binance-data-provider\src\main\java\com\iracanyes\fintech\jeny\binance\data\provider\bootstrap\WebSocketConfiguration.java
C:\dev\projets\docker\dev\jeny_project\jeny\src\binance-data-provider\src\main\java\com\iracanyes\fintech\jeny\binance\data\provider\utils\BinanceConstants.java
C:\dev\projets\docker\dev\jeny_project\jeny\src\binance-data-provider\src\main\java\com\iracanyes\fintech\jeny\binance\data\provider\bootstrap\VaultConfig.java
C:\dev\projets\docker\dev\jeny_project\jeny\src\binance-data-provider\src\main\java\com\iracanyes\fintech\jeny\binance\data\provider\bootstrap\BinanceApiConnectionConfiguration.java
C:\dev\projets\docker\dev\jeny_project\jeny\src\binance-data-provider\src\main\java\com\iracanyes\fintech\jeny\binance\data\provider\account\repository\AccountRepository.java
C:\dev\projets\docker\dev\jeny_project\jeny\src\binance-data-provider\src\main\java\com\iracanyes\fintech\jeny\binance\data\provider\BinanceDataProviderApplication.java
C:\dev\projets\docker\dev\jeny_project\jeny\src\binance-data-provider\src\main\java\com\iracanyes\fintech\jeny\binance\data\provider\bootstrap\MongoConfig.java
C:\dev\projets\docker\dev\jeny_project\jeny\src\binance-data-provider\src\main\java\com\iracanyes\fintech\jeny\binance\data\provider\helper\HmacSha256Signature.java
C:\dev\projets\docker\dev\jeny_project\jeny\src\binance-data-provider\src\main\java\com\iracanyes\fintech\jeny\binance\data\provider\utils\BinanceHttpErrorCode.java
